// Jest Snapshot v1, https://goo.gl/fbAQLP

exports[`SearchPanel  renders correctly 1`] = `
<div
  className="input-group mb-3"
>
  <input
    className="form-control"
    onChange={[Function]}
    placeholder="P"
    type="text"
    value="A"
  />
  <div
    className="input-group-append"
  >
    <button
      className="btn btn-outline-secondary"
      onClick={[Function]}
      type="button"
    >
      T
    </button>
  </div>
</div>
`;
