// Jest Snapshot v1, https://goo.gl/fbAQLP

exports[`StatusBar renders correctly 1`] = `
<div
  className="status-bar"
>
  <div
    className="row"
  >
    <span
      className="col-6"
    >
      A Title
    </span>
    <span
      className="col-2"
    >
      Sort by
    </span>
    <span
      className="col-2 sort-opt-active"
      onClick={[Function]}
    >
      release date
    </span>
    <span
      className="col-2 sort-opt"
      onClick={[Function]}
    >
      rating
    </span>
  </div>
</div>
`;
